// Jest Snapshot v1, https://goo.gl/fbAQLP

exports[`Component DeliveryForm Component should render 1`] = `
<body>
  <div>
    <form>
      <h4>
        Dirección de entrega
      </h4>
      <div
        class="css-nen11g-MuiStack-root"
      >
        <div
          class="MuiBox-root css-1qm1lh"
        >
          <div
            class="MuiFormControl-root MuiFormControl-fullWidth MuiTextField-root css-wb57ya-MuiFormControl-root-MuiTextField-root"
            data-testid="direccion"
          >
            <label
              class="MuiFormLabel-root MuiInputLabel-root MuiInputLabel-formControl MuiInputLabel-animated MuiInputLabel-shrink MuiInputLabel-outlined MuiFormLabel-colorPrimary Mui-error MuiFormLabel-filled Mui-focused css-1sumxir-MuiFormLabel-root-MuiInputLabel-root"
              data-shrink="true"
              for=":r0:"
              id=":r0:-label"
            >
              Dirección 
            </label>
            <div
              class="MuiInputBase-root MuiOutlinedInput-root MuiInputBase-colorPrimary Mui-error MuiInputBase-fullWidth Mui-focused MuiInputBase-formControl css-md26zr-MuiInputBase-root-MuiOutlinedInput-root"
            >
              <input
                aria-describedby=":r0:-helper-text"
                aria-invalid="true"
                class="MuiInputBase-input MuiOutlinedInput-input css-1t8l2tu-MuiInputBase-input-MuiOutlinedInput-input"
                id=":r0:"
                type="text"
                value="Avengers Tower"
              />
              <fieldset
                aria-hidden="true"
                class="MuiOutlinedInput-notchedOutline css-1d3z3hw-MuiOutlinedInput-notchedOutline"
              >
                <legend
                  class="css-1in441m"
                >
                  <span>
                    Dirección 
                  </span>
                </legend>
              </fieldset>
            </div>
            <p
              class="MuiFormHelperText-root Mui-error MuiFormHelperText-sizeMedium MuiFormHelperText-contained Mui-focused MuiFormHelperText-filled css-1wc848c-MuiFormHelperText-root"
              id=":r0:-helper-text"
            >
              <span
                class="notranslate"
              >
                ​
              </span>
            </p>
          </div>
        </div>
        <div
          class="MuiBox-root css-1qm1lh"
        >
          <div
            class="MuiFormControl-root MuiFormControl-fullWidth MuiTextField-root css-wb57ya-MuiFormControl-root-MuiTextField-root"
            data-testid="departamento"
          >
            <label
              class="MuiFormLabel-root MuiInputLabel-root MuiInputLabel-formControl MuiInputLabel-animated MuiInputLabel-shrink MuiInputLabel-outlined MuiFormLabel-colorPrimary Mui-error MuiFormLabel-filled css-1sumxir-MuiFormLabel-root-MuiInputLabel-root"
              data-shrink="true"
              for=":r1:"
              id=":r1:-label"
            >
              Departamento 
            </label>
            <div
              class="MuiInputBase-root MuiOutlinedInput-root MuiInputBase-colorPrimary Mui-error MuiInputBase-fullWidth MuiInputBase-formControl css-md26zr-MuiInputBase-root-MuiOutlinedInput-root"
            >
              <input
                aria-describedby=":r1:-helper-text"
                aria-invalid="true"
                class="MuiInputBase-input MuiOutlinedInput-input css-1t8l2tu-MuiInputBase-input-MuiOutlinedInput-input"
                id=":r1:"
                type="text"
                value="20 A"
              />
              <fieldset
                aria-hidden="true"
                class="MuiOutlinedInput-notchedOutline css-1d3z3hw-MuiOutlinedInput-notchedOutline"
              >
                <legend
                  class="css-1in441m"
                >
                  <span>
                    Departamento 
                  </span>
                </legend>
              </fieldset>
            </div>
            <p
              class="MuiFormHelperText-root Mui-error MuiFormHelperText-sizeMedium MuiFormHelperText-contained MuiFormHelperText-filled css-1wc848c-MuiFormHelperText-root"
              id=":r1:-helper-text"
            >
              <span
                class="notranslate"
              >
                ​
              </span>
            </p>
          </div>
        </div>
        <div
          class="MuiBox-root css-1qm1lh"
        >
          <div
            class="MuiFormControl-root MuiFormControl-fullWidth MuiTextField-root css-wb57ya-MuiFormControl-root-MuiTextField-root"
            data-testid="ciudad"
          >
            <label
              class="MuiFormLabel-root MuiInputLabel-root MuiInputLabel-formControl MuiInputLabel-animated MuiInputLabel-shrink MuiInputLabel-outlined MuiFormLabel-colorPrimary Mui-error MuiFormLabel-filled css-1sumxir-MuiFormLabel-root-MuiInputLabel-root"
              data-shrink="true"
              for=":r2:"
              id=":r2:-label"
            >
              Ciudad 
            </label>
            <div
              class="MuiInputBase-root MuiOutlinedInput-root MuiInputBase-colorPrimary Mui-error MuiInputBase-fullWidth MuiInputBase-formControl css-md26zr-MuiInputBase-root-MuiOutlinedInput-root"
            >
              <input
                aria-describedby=":r2:-helper-text"
                aria-invalid="true"
                class="MuiInputBase-input MuiOutlinedInput-input css-1t8l2tu-MuiInputBase-input-MuiOutlinedInput-input"
                id=":r2:"
                type="text"
                value="New York"
              />
              <fieldset
                aria-hidden="true"
                class="MuiOutlinedInput-notchedOutline css-1d3z3hw-MuiOutlinedInput-notchedOutline"
              >
                <legend
                  class="css-1in441m"
                >
                  <span>
                    Ciudad 
                  </span>
                </legend>
              </fieldset>
            </div>
            <p
              class="MuiFormHelperText-root Mui-error MuiFormHelperText-sizeMedium MuiFormHelperText-contained MuiFormHelperText-filled css-1wc848c-MuiFormHelperText-root"
              id=":r2:-helper-text"
            >
              <span
                class="notranslate"
              >
                ​
              </span>
            </p>
          </div>
        </div>
        <div
          class="MuiBox-root css-1qm1lh"
        >
          <div
            class="MuiFormControl-root MuiFormControl-fullWidth MuiTextField-root css-wb57ya-MuiFormControl-root-MuiTextField-root"
            data-testid="provincia"
          >
            <label
              class="MuiFormLabel-root MuiInputLabel-root MuiInputLabel-formControl MuiInputLabel-animated MuiInputLabel-shrink MuiInputLabel-outlined MuiFormLabel-colorPrimary Mui-error MuiFormLabel-filled css-1sumxir-MuiFormLabel-root-MuiInputLabel-root"
              data-shrink="true"
              for=":r3:"
              id=":r3:-label"
            >
              Provincia 
            </label>
            <div
              class="MuiInputBase-root MuiOutlinedInput-root MuiInputBase-colorPrimary Mui-error MuiInputBase-fullWidth MuiInputBase-formControl css-md26zr-MuiInputBase-root-MuiOutlinedInput-root"
            >
              <input
                aria-describedby=":r3:-helper-text"
                aria-invalid="true"
                class="MuiInputBase-input MuiOutlinedInput-input css-1t8l2tu-MuiInputBase-input-MuiOutlinedInput-input"
                id=":r3:"
                type="text"
                value="New York"
              />
              <fieldset
                aria-hidden="true"
                class="MuiOutlinedInput-notchedOutline css-1d3z3hw-MuiOutlinedInput-notchedOutline"
              >
                <legend
                  class="css-1in441m"
                >
                  <span>
                    Provincia 
                  </span>
                </legend>
              </fieldset>
            </div>
            <p
              class="MuiFormHelperText-root Mui-error MuiFormHelperText-sizeMedium MuiFormHelperText-contained MuiFormHelperText-filled css-1wc848c-MuiFormHelperText-root"
              id=":r3:-helper-text"
            >
              <span
                class="notranslate"
              >
                ​
              </span>
            </p>
          </div>
        </div>
        <div
          class="MuiBox-root css-1qm1lh"
        >
          <div
            class="MuiFormControl-root MuiFormControl-fullWidth MuiTextField-root css-wb57ya-MuiFormControl-root-MuiTextField-root"
            data-testid="codigoPostal"
          >
            <label
              class="MuiFormLabel-root MuiInputLabel-root MuiInputLabel-formControl MuiInputLabel-animated MuiInputLabel-shrink MuiInputLabel-outlined MuiFormLabel-colorPrimary Mui-error MuiFormLabel-filled css-1sumxir-MuiFormLabel-root-MuiInputLabel-root"
              data-shrink="true"
              for=":r4:"
              id=":r4:-label"
            >
              Codigo Postal 
            </label>
            <div
              class="MuiInputBase-root MuiOutlinedInput-root MuiInputBase-colorPrimary Mui-error MuiInputBase-fullWidth MuiInputBase-formControl css-md26zr-MuiInputBase-root-MuiOutlinedInput-root"
            >
              <input
                aria-describedby=":r4:-helper-text"
                aria-invalid="true"
                class="MuiInputBase-input MuiOutlinedInput-input css-1t8l2tu-MuiInputBase-input-MuiOutlinedInput-input"
                id=":r4:"
                type="text"
                value="9827"
              />
              <fieldset
                aria-hidden="true"
                class="MuiOutlinedInput-notchedOutline css-1d3z3hw-MuiOutlinedInput-notchedOutline"
              >
                <legend
                  class="css-1in441m"
                >
                  <span>
                    Codigo Postal 
                  </span>
                </legend>
              </fieldset>
            </div>
            <p
              class="MuiFormHelperText-root Mui-error MuiFormHelperText-sizeMedium MuiFormHelperText-contained MuiFormHelperText-filled css-1wc848c-MuiFormHelperText-root"
              id=":r4:-helper-text"
            >
              <span
                class="notranslate"
              >
                ​
              </span>
            </p>
          </div>
        </div>
      </div>
      <div
        class="MuiBox-root css-2royc9"
      >
        <button
          class="MuiButtonBase-root Mui-disabled MuiButton-root MuiButton-text MuiButton-textInherit MuiButton-sizeMedium MuiButton-textSizeMedium MuiButton-colorInherit css-a1sg1c-MuiButtonBase-root-MuiButton-root"
          disabled=""
          tabindex="-1"
          type="button"
        >
          Anterior
        </button>
        <div
          class="MuiBox-root css-11qjisw"
        />
        <button
          class="MuiButtonBase-root MuiButton-root MuiButton-text MuiButton-textPrimary MuiButton-sizeMedium MuiButton-textSizeMedium css-1e6y48t-MuiButtonBase-root-MuiButton-root"
          tabindex="0"
          type="submit"
        >
          Proximo
          <span
            class="MuiTouchRipple-root css-8je8zh-MuiTouchRipple-root"
          />
        </button>
      </div>
    </form>
  </div>
</body>
`;
